MPLINK 5.09, LINKER
Linker Map File - Created Wed May 01 16:12:27 2019

                                 Section Info
                  Section       Type    Address   Location Size(Bytes)
                ---------  ---------  ---------  ---------  ---------
                   .org_0       code   0x000000    program   0x000004
                   .cinit    romdata   0x000004    program   0x000002
                   .org_1       code   0x000008    program   0x000004
                   .org_2       code   0x000018    program   0x000004
                   .org_3       code   0x001000    program   0x000004
                   .org_5       code   0x001018    program   0x0004fe



                              Program Memory Usage 
                               Start         End      
                           ---------   ---------      
                            0x000000    0x000005      
                            0x000008    0x00000b      
                            0x000018    0x00001b      
                            0x001000    0x001003      
                            0x001018    0x001515      
            1296 out of 33048 program addresses used, program memory utilization is 3%



                              Symbols - Sorted by Name
                     Name    Address   Location    Storage File                     
                ---------  ---------  ---------  --------- ---------                
                      Num   0x001250    program     static C:\Users\pedro\Documents\ISDR\6 semestre\Microcontroladores\Proyecto\SimonDice\SimonDice.X\SimonDice.asm
                     add6   0x0013fe    program     static C:\Users\pedro\Documents\ISDR\6 semestre\Microcontroladores\Proyecto\SimonDice\SimonDice.X\SimonDice.asm
                     ckc1   0x001286    program     static C:\Users\pedro\Documents\ISDR\6 semestre\Microcontroladores\Proyecto\SimonDice\SimonDice.X\SimonDice.asm
                     ckc2   0x0012a6    program     static C:\Users\pedro\Documents\ISDR\6 semestre\Microcontroladores\Proyecto\SimonDice\SimonDice.X\SimonDice.asm
                     ckc3   0x0012c6    program     static C:\Users\pedro\Documents\ISDR\6 semestre\Microcontroladores\Proyecto\SimonDice\SimonDice.X\SimonDice.asm
                     ckc4   0x0012e6    program     static C:\Users\pedro\Documents\ISDR\6 semestre\Microcontroladores\Proyecto\SimonDice\SimonDice.X\SimonDice.asm
                 configT2   0x001226    program     static C:\Users\pedro\Documents\ISDR\6 semestre\Microcontroladores\Proyecto\SimonDice\SimonDice.X\SimonDice.asm
                     corr   0x00133e    program     static C:\Users\pedro\Documents\ISDR\6 semestre\Microcontroladores\Proyecto\SimonDice\SimonDice.X\SimonDice.asm
                   cuatro   0x001314    program     static C:\Users\pedro\Documents\ISDR\6 semestre\Microcontroladores\Proyecto\SimonDice\SimonDice.X\SimonDice.asm
                   delay1   0x001504    program     static C:\Users\pedro\Documents\ISDR\6 semestre\Microcontroladores\Proyecto\SimonDice\SimonDice.X\SimonDice.asm
                 display0   0x001460    program     static C:\Users\pedro\Documents\ISDR\6 semestre\Microcontroladores\Proyecto\SimonDice\SimonDice.X\SimonDice.asm
                 display1   0x00146e    program     static C:\Users\pedro\Documents\ISDR\6 semestre\Microcontroladores\Proyecto\SimonDice\SimonDice.X\SimonDice.asm
                 display2   0x00147c    program     static C:\Users\pedro\Documents\ISDR\6 semestre\Microcontroladores\Proyecto\SimonDice\SimonDice.X\SimonDice.asm
                 display3   0x00148a    program     static C:\Users\pedro\Documents\ISDR\6 semestre\Microcontroladores\Proyecto\SimonDice\SimonDice.X\SimonDice.asm
                 display4   0x001498    program     static C:\Users\pedro\Documents\ISDR\6 semestre\Microcontroladores\Proyecto\SimonDice\SimonDice.X\SimonDice.asm
                 display5   0x0014a6    program     static C:\Users\pedro\Documents\ISDR\6 semestre\Microcontroladores\Proyecto\SimonDice\SimonDice.X\SimonDice.asm
                 display6   0x0014b4    program     static C:\Users\pedro\Documents\ISDR\6 semestre\Microcontroladores\Proyecto\SimonDice\SimonDice.X\SimonDice.asm
                 display7   0x0014c2    program     static C:\Users\pedro\Documents\ISDR\6 semestre\Microcontroladores\Proyecto\SimonDice\SimonDice.X\SimonDice.asm
                 display8   0x0014d0    program     static C:\Users\pedro\Documents\ISDR\6 semestre\Microcontroladores\Proyecto\SimonDice\SimonDice.X\SimonDice.asm
                 display9   0x0014de    program     static C:\Users\pedro\Documents\ISDR\6 semestre\Microcontroladores\Proyecto\SimonDice\SimonDice.X\SimonDice.asm
               displayNum   0x001414    program     static C:\Users\pedro\Documents\ISDR\6 semestre\Microcontroladores\Proyecto\SimonDice\SimonDice.X\SimonDice.asm
                      dos   0x00130c    program     static C:\Users\pedro\Documents\ISDR\6 semestre\Microcontroladores\Proyecto\SimonDice\SimonDice.X\SimonDice.asm
                     here   0x001066    program     static C:\Users\pedro\Documents\ISDR\6 semestre\Microcontroladores\Proyecto\SimonDice\SimonDice.X\SimonDice.asm
                   incorr   0x001324    program     static C:\Users\pedro\Documents\ISDR\6 semestre\Microcontroladores\Proyecto\SimonDice\SimonDice.X\SimonDice.asm
                    jugar   0x001226    program     static C:\Users\pedro\Documents\ISDR\6 semestre\Microcontroladores\Proyecto\SimonDice\SimonDice.X\SimonDice.asm
               loadEEPROM   0x00106a    program     static C:\Users\pedro\Documents\ISDR\6 semestre\Microcontroladores\Proyecto\SimonDice\SimonDice.X\SimonDice.asm
                     loop   0x00105e    program     static C:\Users\pedro\Documents\ISDR\6 semestre\Microcontroladores\Proyecto\SimonDice\SimonDice.X\SimonDice.asm
                    loop1   0x00122a    program     static C:\Users\pedro\Documents\ISDR\6 semestre\Microcontroladores\Proyecto\SimonDice\SimonDice.X\SimonDice.asm
                    loop2   0x00124e    program     static C:\Users\pedro\Documents\ISDR\6 semestre\Microcontroladores\Proyecto\SimonDice\SimonDice.X\SimonDice.asm
                     main   0x001018    program     static C:\Users\pedro\Documents\ISDR\6 semestre\Microcontroladores\Proyecto\SimonDice\SimonDice.X\SimonDice.asm
               masterloop   0x001226    program     static C:\Users\pedro\Documents\ISDR\6 semestre\Microcontroladores\Proyecto\SimonDice\SimonDice.X\SimonDice.asm
                maxPoints   0x001404    program     static C:\Users\pedro\Documents\ISDR\6 semestre\Microcontroladores\Proyecto\SimonDice\SimonDice.X\SimonDice.asm
                  menuLCD   0x001154    program     static C:\Users\pedro\Documents\ISDR\6 semestre\Microcontroladores\Proyecto\SimonDice\SimonDice.X\SimonDice.asm
                     ocho   0x00131c    program     static C:\Users\pedro\Documents\ISDR\6 semestre\Microcontroladores\Proyecto\SimonDice\SimonDice.X\SimonDice.asm
               puntajeLCD   0x001360    program     static C:\Users\pedro\Documents\ISDR\6 semestre\Microcontroladores\Proyecto\SimonDice\SimonDice.X\SimonDice.asm
                   rutDel   0x0014ec    program     static C:\Users\pedro\Documents\ISDR\6 semestre\Microcontroladores\Proyecto\SimonDice\SimonDice.X\SimonDice.asm
                  rutDel2   0x0014f6    program     static C:\Users\pedro\Documents\ISDR\6 semestre\Microcontroladores\Proyecto\SimonDice\SimonDice.X\SimonDice.asm
                  rutDel3   0x001508    program     static C:\Users\pedro\Documents\ISDR\6 semestre\Microcontroladores\Proyecto\SimonDice\SimonDice.X\SimonDice.asm
                  sendLCD   0x0011fe    program     static C:\Users\pedro\Documents\ISDR\6 semestre\Microcontroladores\Proyecto\SimonDice\SimonDice.X\SimonDice.asm
             setmaxpoints   0x001350    program     static C:\Users\pedro\Documents\ISDR\6 semestre\Microcontroladores\Proyecto\SimonDice\SimonDice.X\SimonDice.asm
                      uno   0x001304    program     static C:\Users\pedro\Documents\ISDR\6 semestre\Microcontroladores\Proyecto\SimonDice\SimonDice.X\SimonDice.asm
                  waitLCD   0x001212    program     static C:\Users\pedro\Documents\ISDR\6 semestre\Microcontroladores\Proyecto\SimonDice\SimonDice.X\SimonDice.asm
                waitWrite   0x00114c    program     static C:\Users\pedro\Documents\ISDR\6 semestre\Microcontroladores\Proyecto\SimonDice\SimonDice.X\SimonDice.asm
                writeToEE   0x00113c    program     static C:\Users\pedro\Documents\ISDR\6 semestre\Microcontroladores\Proyecto\SimonDice\SimonDice.X\SimonDice.asm



                              Symbols - Sorted by Address
                     Name    Address   Location    Storage File                     
                ---------  ---------  ---------  --------- ---------                
                     main   0x001018    program     static C:\Users\pedro\Documents\ISDR\6 semestre\Microcontroladores\Proyecto\SimonDice\SimonDice.X\SimonDice.asm
                     loop   0x00105e    program     static C:\Users\pedro\Documents\ISDR\6 semestre\Microcontroladores\Proyecto\SimonDice\SimonDice.X\SimonDice.asm
                     here   0x001066    program     static C:\Users\pedro\Documents\ISDR\6 semestre\Microcontroladores\Proyecto\SimonDice\SimonDice.X\SimonDice.asm
               loadEEPROM   0x00106a    program     static C:\Users\pedro\Documents\ISDR\6 semestre\Microcontroladores\Proyecto\SimonDice\SimonDice.X\SimonDice.asm
                writeToEE   0x00113c    program     static C:\Users\pedro\Documents\ISDR\6 semestre\Microcontroladores\Proyecto\SimonDice\SimonDice.X\SimonDice.asm
                waitWrite   0x00114c    program     static C:\Users\pedro\Documents\ISDR\6 semestre\Microcontroladores\Proyecto\SimonDice\SimonDice.X\SimonDice.asm
                  menuLCD   0x001154    program     static C:\Users\pedro\Documents\ISDR\6 semestre\Microcontroladores\Proyecto\SimonDice\SimonDice.X\SimonDice.asm
                  sendLCD   0x0011fe    program     static C:\Users\pedro\Documents\ISDR\6 semestre\Microcontroladores\Proyecto\SimonDice\SimonDice.X\SimonDice.asm
                  waitLCD   0x001212    program     static C:\Users\pedro\Documents\ISDR\6 semestre\Microcontroladores\Proyecto\SimonDice\SimonDice.X\SimonDice.asm
                 configT2   0x001226    program     static C:\Users\pedro\Documents\ISDR\6 semestre\Microcontroladores\Proyecto\SimonDice\SimonDice.X\SimonDice.asm
               masterloop   0x001226    program     static C:\Users\pedro\Documents\ISDR\6 semestre\Microcontroladores\Proyecto\SimonDice\SimonDice.X\SimonDice.asm
                    jugar   0x001226    program     static C:\Users\pedro\Documents\ISDR\6 semestre\Microcontroladores\Proyecto\SimonDice\SimonDice.X\SimonDice.asm
                    loop1   0x00122a    program     static C:\Users\pedro\Documents\ISDR\6 semestre\Microcontroladores\Proyecto\SimonDice\SimonDice.X\SimonDice.asm
                    loop2   0x00124e    program     static C:\Users\pedro\Documents\ISDR\6 semestre\Microcontroladores\Proyecto\SimonDice\SimonDice.X\SimonDice.asm
                      Num   0x001250    program     static C:\Users\pedro\Documents\ISDR\6 semestre\Microcontroladores\Proyecto\SimonDice\SimonDice.X\SimonDice.asm
                     ckc1   0x001286    program     static C:\Users\pedro\Documents\ISDR\6 semestre\Microcontroladores\Proyecto\SimonDice\SimonDice.X\SimonDice.asm
                     ckc2   0x0012a6    program     static C:\Users\pedro\Documents\ISDR\6 semestre\Microcontroladores\Proyecto\SimonDice\SimonDice.X\SimonDice.asm
                     ckc3   0x0012c6    program     static C:\Users\pedro\Documents\ISDR\6 semestre\Microcontroladores\Proyecto\SimonDice\SimonDice.X\SimonDice.asm
                     ckc4   0x0012e6    program     static C:\Users\pedro\Documents\ISDR\6 semestre\Microcontroladores\Proyecto\SimonDice\SimonDice.X\SimonDice.asm
                      uno   0x001304    program     static C:\Users\pedro\Documents\ISDR\6 semestre\Microcontroladores\Proyecto\SimonDice\SimonDice.X\SimonDice.asm
                      dos   0x00130c    program     static C:\Users\pedro\Documents\ISDR\6 semestre\Microcontroladores\Proyecto\SimonDice\SimonDice.X\SimonDice.asm
                   cuatro   0x001314    program     static C:\Users\pedro\Documents\ISDR\6 semestre\Microcontroladores\Proyecto\SimonDice\SimonDice.X\SimonDice.asm
                     ocho   0x00131c    program     static C:\Users\pedro\Documents\ISDR\6 semestre\Microcontroladores\Proyecto\SimonDice\SimonDice.X\SimonDice.asm
                   incorr   0x001324    program     static C:\Users\pedro\Documents\ISDR\6 semestre\Microcontroladores\Proyecto\SimonDice\SimonDice.X\SimonDice.asm
                     corr   0x00133e    program     static C:\Users\pedro\Documents\ISDR\6 semestre\Microcontroladores\Proyecto\SimonDice\SimonDice.X\SimonDice.asm
             setmaxpoints   0x001350    program     static C:\Users\pedro\Documents\ISDR\6 semestre\Microcontroladores\Proyecto\SimonDice\SimonDice.X\SimonDice.asm
               puntajeLCD   0x001360    program     static C:\Users\pedro\Documents\ISDR\6 semestre\Microcontroladores\Proyecto\SimonDice\SimonDice.X\SimonDice.asm
                     add6   0x0013fe    program     static C:\Users\pedro\Documents\ISDR\6 semestre\Microcontroladores\Proyecto\SimonDice\SimonDice.X\SimonDice.asm
                maxPoints   0x001404    program     static C:\Users\pedro\Documents\ISDR\6 semestre\Microcontroladores\Proyecto\SimonDice\SimonDice.X\SimonDice.asm
               displayNum   0x001414    program     static C:\Users\pedro\Documents\ISDR\6 semestre\Microcontroladores\Proyecto\SimonDice\SimonDice.X\SimonDice.asm
                 display0   0x001460    program     static C:\Users\pedro\Documents\ISDR\6 semestre\Microcontroladores\Proyecto\SimonDice\SimonDice.X\SimonDice.asm
                 display1   0x00146e    program     static C:\Users\pedro\Documents\ISDR\6 semestre\Microcontroladores\Proyecto\SimonDice\SimonDice.X\SimonDice.asm
                 display2   0x00147c    program     static C:\Users\pedro\Documents\ISDR\6 semestre\Microcontroladores\Proyecto\SimonDice\SimonDice.X\SimonDice.asm
                 display3   0x00148a    program     static C:\Users\pedro\Documents\ISDR\6 semestre\Microcontroladores\Proyecto\SimonDice\SimonDice.X\SimonDice.asm
                 display4   0x001498    program     static C:\Users\pedro\Documents\ISDR\6 semestre\Microcontroladores\Proyecto\SimonDice\SimonDice.X\SimonDice.asm
                 display5   0x0014a6    program     static C:\Users\pedro\Documents\ISDR\6 semestre\Microcontroladores\Proyecto\SimonDice\SimonDice.X\SimonDice.asm
                 display6   0x0014b4    program     static C:\Users\pedro\Documents\ISDR\6 semestre\Microcontroladores\Proyecto\SimonDice\SimonDice.X\SimonDice.asm
                 display7   0x0014c2    program     static C:\Users\pedro\Documents\ISDR\6 semestre\Microcontroladores\Proyecto\SimonDice\SimonDice.X\SimonDice.asm
                 display8   0x0014d0    program     static C:\Users\pedro\Documents\ISDR\6 semestre\Microcontroladores\Proyecto\SimonDice\SimonDice.X\SimonDice.asm
                 display9   0x0014de    program     static C:\Users\pedro\Documents\ISDR\6 semestre\Microcontroladores\Proyecto\SimonDice\SimonDice.X\SimonDice.asm
                   rutDel   0x0014ec    program     static C:\Users\pedro\Documents\ISDR\6 semestre\Microcontroladores\Proyecto\SimonDice\SimonDice.X\SimonDice.asm
                  rutDel2   0x0014f6    program     static C:\Users\pedro\Documents\ISDR\6 semestre\Microcontroladores\Proyecto\SimonDice\SimonDice.X\SimonDice.asm
                   delay1   0x001504    program     static C:\Users\pedro\Documents\ISDR\6 semestre\Microcontroladores\Proyecto\SimonDice\SimonDice.X\SimonDice.asm
                  rutDel3   0x001508    program     static C:\Users\pedro\Documents\ISDR\6 semestre\Microcontroladores\Proyecto\SimonDice\SimonDice.X\SimonDice.asm


