MPLINK 5.09, LINKER
Linker Map File - Created Wed May 01 22:47:41 2019

                                 Section Info
                  Section       Type    Address   Location Size(Bytes)
                ---------  ---------  ---------  ---------  ---------
                   .org_0       code   0x000000    program   0x000004
                   .cinit    romdata   0x000004    program   0x000002
                   .org_1       code   0x000008    program   0x000004
                   .org_2       code   0x000018    program   0x000004
                   .org_3       code   0x001000    program   0x000004
                   .org_5       code   0x001018    program   0x0006ae



                              Program Memory Usage 
                               Start         End      
                           ---------   ---------      
                            0x000000    0x000005      
                            0x000008    0x00000b      
                            0x000018    0x00001b      
                            0x001000    0x001003      
                            0x001018    0x0016c5      
            1728 out of 33048 program addresses used, program memory utilization is 5%



                              Symbols - Sorted by Name
                     Name    Address   Location    Storage File                     
                ---------  ---------  ---------  --------- ---------                
                     add6   0x001594    program     static C:\Users\pedro\Documents\ISDR\6 semestre\Microcontroladores\Proyecto\SimonDice\SimonDice.X\SimonDice.asm
              antirebotes   0x00148c    program     static C:\Users\pedro\Documents\ISDR\6 semestre\Microcontroladores\Proyecto\SimonDice\SimonDice.X\SimonDice.asm
                      c1T   0x001298    program     static C:\Users\pedro\Documents\ISDR\6 semestre\Microcontroladores\Proyecto\SimonDice\SimonDice.X\SimonDice.asm
                   check1   0x00106e    program     static C:\Users\pedro\Documents\ISDR\6 semestre\Microcontroladores\Proyecto\SimonDice\SimonDice.X\SimonDice.asm
                   ciclo1   0x001288    program     static C:\Users\pedro\Documents\ISDR\6 semestre\Microcontroladores\Proyecto\SimonDice\SimonDice.X\SimonDice.asm
                     ckcT   0x0013d0    program     static C:\Users\pedro\Documents\ISDR\6 semestre\Microcontroladores\Proyecto\SimonDice\SimonDice.X\SimonDice.asm
                      clc   0x00126e    program     static C:\Users\pedro\Documents\ISDR\6 semestre\Microcontroladores\Proyecto\SimonDice\SimonDice.X\SimonDice.asm
                 configT2   0x00124a    program     static C:\Users\pedro\Documents\ISDR\6 semestre\Microcontroladores\Proyecto\SimonDice\SimonDice.X\SimonDice.asm
                     corr   0x0012c4    program     static C:\Users\pedro\Documents\ISDR\6 semestre\Microcontroladores\Proyecto\SimonDice\SimonDice.X\SimonDice.asm
                   cuatro   0x001468    program     static C:\Users\pedro\Documents\ISDR\6 semestre\Microcontroladores\Proyecto\SimonDice\SimonDice.X\SimonDice.asm
                    delay   0x0016ac    program     static C:\Users\pedro\Documents\ISDR\6 semestre\Microcontroladores\Proyecto\SimonDice\SimonDice.X\SimonDice.asm
                   delay1   0x00169a    program     static C:\Users\pedro\Documents\ISDR\6 semestre\Microcontroladores\Proyecto\SimonDice\SimonDice.X\SimonDice.asm
                 display0   0x0015f6    program     static C:\Users\pedro\Documents\ISDR\6 semestre\Microcontroladores\Proyecto\SimonDice\SimonDice.X\SimonDice.asm
                 display1   0x001604    program     static C:\Users\pedro\Documents\ISDR\6 semestre\Microcontroladores\Proyecto\SimonDice\SimonDice.X\SimonDice.asm
                 display2   0x001612    program     static C:\Users\pedro\Documents\ISDR\6 semestre\Microcontroladores\Proyecto\SimonDice\SimonDice.X\SimonDice.asm
                 display3   0x001620    program     static C:\Users\pedro\Documents\ISDR\6 semestre\Microcontroladores\Proyecto\SimonDice\SimonDice.X\SimonDice.asm
                 display4   0x00162e    program     static C:\Users\pedro\Documents\ISDR\6 semestre\Microcontroladores\Proyecto\SimonDice\SimonDice.X\SimonDice.asm
                 display5   0x00163c    program     static C:\Users\pedro\Documents\ISDR\6 semestre\Microcontroladores\Proyecto\SimonDice\SimonDice.X\SimonDice.asm
                 display6   0x00164a    program     static C:\Users\pedro\Documents\ISDR\6 semestre\Microcontroladores\Proyecto\SimonDice\SimonDice.X\SimonDice.asm
                 display7   0x001658    program     static C:\Users\pedro\Documents\ISDR\6 semestre\Microcontroladores\Proyecto\SimonDice\SimonDice.X\SimonDice.asm
                 display8   0x001666    program     static C:\Users\pedro\Documents\ISDR\6 semestre\Microcontroladores\Proyecto\SimonDice\SimonDice.X\SimonDice.asm
                 display9   0x001674    program     static C:\Users\pedro\Documents\ISDR\6 semestre\Microcontroladores\Proyecto\SimonDice\SimonDice.X\SimonDice.asm
               displayNum   0x0015aa    program     static C:\Users\pedro\Documents\ISDR\6 semestre\Microcontroladores\Proyecto\SimonDice\SimonDice.X\SimonDice.asm
                      dos   0x001456    program     static C:\Users\pedro\Documents\ISDR\6 semestre\Microcontroladores\Proyecto\SimonDice\SimonDice.X\SimonDice.asm
                 gameloop   0x001274    program     static C:\Users\pedro\Documents\ISDR\6 semestre\Microcontroladores\Proyecto\SimonDice\SimonDice.X\SimonDice.asm
                     here   0x0016c2    program     static C:\Users\pedro\Documents\ISDR\6 semestre\Microcontroladores\Proyecto\SimonDice\SimonDice.X\SimonDice.asm
                   incorr   0x0012de    program     static C:\Users\pedro\Documents\ISDR\6 semestre\Microcontroladores\Proyecto\SimonDice\SimonDice.X\SimonDice.asm
                    jugar   0x001250    program     static C:\Users\pedro\Documents\ISDR\6 semestre\Microcontroladores\Proyecto\SimonDice\SimonDice.X\SimonDice.asm
               loadEEPROM   0x001086    program     static C:\Users\pedro\Documents\ISDR\6 semestre\Microcontroladores\Proyecto\SimonDice\SimonDice.X\SimonDice.asm
                     loop   0x00105e    program     static C:\Users\pedro\Documents\ISDR\6 semestre\Microcontroladores\Proyecto\SimonDice\SimonDice.X\SimonDice.asm
                loopdelay   0x0016b4    program     static C:\Users\pedro\Documents\ISDR\6 semestre\Microcontroladores\Proyecto\SimonDice\SimonDice.X\SimonDice.asm
                    loose   0x00136c    program     static C:\Users\pedro\Documents\ISDR\6 semestre\Microcontroladores\Proyecto\SimonDice\SimonDice.X\SimonDice.asm
                     main   0x001018    program     static C:\Users\pedro\Documents\ISDR\6 semestre\Microcontroladores\Proyecto\SimonDice\SimonDice.X\SimonDice.asm
                maxPoints   0x00159a    program     static C:\Users\pedro\Documents\ISDR\6 semestre\Microcontroladores\Proyecto\SimonDice\SimonDice.X\SimonDice.asm
                  menuLCD   0x001178    program     static C:\Users\pedro\Documents\ISDR\6 semestre\Microcontroladores\Proyecto\SimonDice\SimonDice.X\SimonDice.asm
                     ocho   0x00147a    program     static C:\Users\pedro\Documents\ISDR\6 semestre\Microcontroladores\Proyecto\SimonDice\SimonDice.X\SimonDice.asm
               puntajeLCD   0x0014be    program     static C:\Users\pedro\Documents\ISDR\6 semestre\Microcontroladores\Proyecto\SimonDice\SimonDice.X\SimonDice.asm
                   rutDel   0x001682    program     static C:\Users\pedro\Documents\ISDR\6 semestre\Microcontroladores\Proyecto\SimonDice\SimonDice.X\SimonDice.asm
                  rutDel2   0x00168c    program     static C:\Users\pedro\Documents\ISDR\6 semestre\Microcontroladores\Proyecto\SimonDice\SimonDice.X\SimonDice.asm
                  rutDel3   0x00169e    program     static C:\Users\pedro\Documents\ISDR\6 semestre\Microcontroladores\Proyecto\SimonDice\SimonDice.X\SimonDice.asm
                     sec1   0x00126a    program     static C:\Users\pedro\Documents\ISDR\6 semestre\Microcontroladores\Proyecto\SimonDice\SimonDice.X\SimonDice.asm
                  sendLCD   0x001222    program     static C:\Users\pedro\Documents\ISDR\6 semestre\Microcontroladores\Proyecto\SimonDice\SimonDice.X\SimonDice.asm
             setmaxpoints   0x0014aa    program     static C:\Users\pedro\Documents\ISDR\6 semestre\Microcontroladores\Proyecto\SimonDice\SimonDice.X\SimonDice.asm
                  showLED   0x0013be    program     static C:\Users\pedro\Documents\ISDR\6 semestre\Microcontroladores\Proyecto\SimonDice\SimonDice.X\SimonDice.asm
                showScore   0x00156c    program     static C:\Users\pedro\Documents\ISDR\6 semestre\Microcontroladores\Proyecto\SimonDice\SimonDice.X\SimonDice.asm
             showSequence   0x001284    program     static C:\Users\pedro\Documents\ISDR\6 semestre\Microcontroladores\Proyecto\SimonDice\SimonDice.X\SimonDice.asm
                      uno   0x001444    program     static C:\Users\pedro\Documents\ISDR\6 semestre\Microcontroladores\Proyecto\SimonDice\SimonDice.X\SimonDice.asm
              updateScore   0x001580    program     static C:\Users\pedro\Documents\ISDR\6 semestre\Microcontroladores\Proyecto\SimonDice\SimonDice.X\SimonDice.asm
                  waitLCD   0x001236    program     static C:\Users\pedro\Documents\ISDR\6 semestre\Microcontroladores\Proyecto\SimonDice\SimonDice.X\SimonDice.asm
             waitSequence   0x0012a2    program     static C:\Users\pedro\Documents\ISDR\6 semestre\Microcontroladores\Proyecto\SimonDice\SimonDice.X\SimonDice.asm
                waitWrite   0x001170    program     static C:\Users\pedro\Documents\ISDR\6 semestre\Microcontroladores\Proyecto\SimonDice\SimonDice.X\SimonDice.asm
                      win   0x001302    program     static C:\Users\pedro\Documents\ISDR\6 semestre\Microcontroladores\Proyecto\SimonDice\SimonDice.X\SimonDice.asm
          writeLCDPuntaje   0x00152e    program     static C:\Users\pedro\Documents\ISDR\6 semestre\Microcontroladores\Proyecto\SimonDice\SimonDice.X\SimonDice.asm
                writeToEE   0x001160    program     static C:\Users\pedro\Documents\ISDR\6 semestre\Microcontroladores\Proyecto\SimonDice\SimonDice.X\SimonDice.asm



                              Symbols - Sorted by Address
                     Name    Address   Location    Storage File                     
                ---------  ---------  ---------  --------- ---------                
                     main   0x001018    program     static C:\Users\pedro\Documents\ISDR\6 semestre\Microcontroladores\Proyecto\SimonDice\SimonDice.X\SimonDice.asm
                     loop   0x00105e    program     static C:\Users\pedro\Documents\ISDR\6 semestre\Microcontroladores\Proyecto\SimonDice\SimonDice.X\SimonDice.asm
                   check1   0x00106e    program     static C:\Users\pedro\Documents\ISDR\6 semestre\Microcontroladores\Proyecto\SimonDice\SimonDice.X\SimonDice.asm
               loadEEPROM   0x001086    program     static C:\Users\pedro\Documents\ISDR\6 semestre\Microcontroladores\Proyecto\SimonDice\SimonDice.X\SimonDice.asm
                writeToEE   0x001160    program     static C:\Users\pedro\Documents\ISDR\6 semestre\Microcontroladores\Proyecto\SimonDice\SimonDice.X\SimonDice.asm
                waitWrite   0x001170    program     static C:\Users\pedro\Documents\ISDR\6 semestre\Microcontroladores\Proyecto\SimonDice\SimonDice.X\SimonDice.asm
                  menuLCD   0x001178    program     static C:\Users\pedro\Documents\ISDR\6 semestre\Microcontroladores\Proyecto\SimonDice\SimonDice.X\SimonDice.asm
                  sendLCD   0x001222    program     static C:\Users\pedro\Documents\ISDR\6 semestre\Microcontroladores\Proyecto\SimonDice\SimonDice.X\SimonDice.asm
                  waitLCD   0x001236    program     static C:\Users\pedro\Documents\ISDR\6 semestre\Microcontroladores\Proyecto\SimonDice\SimonDice.X\SimonDice.asm
                 configT2   0x00124a    program     static C:\Users\pedro\Documents\ISDR\6 semestre\Microcontroladores\Proyecto\SimonDice\SimonDice.X\SimonDice.asm
                    jugar   0x001250    program     static C:\Users\pedro\Documents\ISDR\6 semestre\Microcontroladores\Proyecto\SimonDice\SimonDice.X\SimonDice.asm
                     sec1   0x00126a    program     static C:\Users\pedro\Documents\ISDR\6 semestre\Microcontroladores\Proyecto\SimonDice\SimonDice.X\SimonDice.asm
                      clc   0x00126e    program     static C:\Users\pedro\Documents\ISDR\6 semestre\Microcontroladores\Proyecto\SimonDice\SimonDice.X\SimonDice.asm
                 gameloop   0x001274    program     static C:\Users\pedro\Documents\ISDR\6 semestre\Microcontroladores\Proyecto\SimonDice\SimonDice.X\SimonDice.asm
             showSequence   0x001284    program     static C:\Users\pedro\Documents\ISDR\6 semestre\Microcontroladores\Proyecto\SimonDice\SimonDice.X\SimonDice.asm
                   ciclo1   0x001288    program     static C:\Users\pedro\Documents\ISDR\6 semestre\Microcontroladores\Proyecto\SimonDice\SimonDice.X\SimonDice.asm
                      c1T   0x001298    program     static C:\Users\pedro\Documents\ISDR\6 semestre\Microcontroladores\Proyecto\SimonDice\SimonDice.X\SimonDice.asm
             waitSequence   0x0012a2    program     static C:\Users\pedro\Documents\ISDR\6 semestre\Microcontroladores\Proyecto\SimonDice\SimonDice.X\SimonDice.asm
                     corr   0x0012c4    program     static C:\Users\pedro\Documents\ISDR\6 semestre\Microcontroladores\Proyecto\SimonDice\SimonDice.X\SimonDice.asm
                   incorr   0x0012de    program     static C:\Users\pedro\Documents\ISDR\6 semestre\Microcontroladores\Proyecto\SimonDice\SimonDice.X\SimonDice.asm
                      win   0x001302    program     static C:\Users\pedro\Documents\ISDR\6 semestre\Microcontroladores\Proyecto\SimonDice\SimonDice.X\SimonDice.asm
                    loose   0x00136c    program     static C:\Users\pedro\Documents\ISDR\6 semestre\Microcontroladores\Proyecto\SimonDice\SimonDice.X\SimonDice.asm
                  showLED   0x0013be    program     static C:\Users\pedro\Documents\ISDR\6 semestre\Microcontroladores\Proyecto\SimonDice\SimonDice.X\SimonDice.asm
                     ckcT   0x0013d0    program     static C:\Users\pedro\Documents\ISDR\6 semestre\Microcontroladores\Proyecto\SimonDice\SimonDice.X\SimonDice.asm
                      uno   0x001444    program     static C:\Users\pedro\Documents\ISDR\6 semestre\Microcontroladores\Proyecto\SimonDice\SimonDice.X\SimonDice.asm
                      dos   0x001456    program     static C:\Users\pedro\Documents\ISDR\6 semestre\Microcontroladores\Proyecto\SimonDice\SimonDice.X\SimonDice.asm
                   cuatro   0x001468    program     static C:\Users\pedro\Documents\ISDR\6 semestre\Microcontroladores\Proyecto\SimonDice\SimonDice.X\SimonDice.asm
                     ocho   0x00147a    program     static C:\Users\pedro\Documents\ISDR\6 semestre\Microcontroladores\Proyecto\SimonDice\SimonDice.X\SimonDice.asm
              antirebotes   0x00148c    program     static C:\Users\pedro\Documents\ISDR\6 semestre\Microcontroladores\Proyecto\SimonDice\SimonDice.X\SimonDice.asm
             setmaxpoints   0x0014aa    program     static C:\Users\pedro\Documents\ISDR\6 semestre\Microcontroladores\Proyecto\SimonDice\SimonDice.X\SimonDice.asm
               puntajeLCD   0x0014be    program     static C:\Users\pedro\Documents\ISDR\6 semestre\Microcontroladores\Proyecto\SimonDice\SimonDice.X\SimonDice.asm
          writeLCDPuntaje   0x00152e    program     static C:\Users\pedro\Documents\ISDR\6 semestre\Microcontroladores\Proyecto\SimonDice\SimonDice.X\SimonDice.asm
                showScore   0x00156c    program     static C:\Users\pedro\Documents\ISDR\6 semestre\Microcontroladores\Proyecto\SimonDice\SimonDice.X\SimonDice.asm
              updateScore   0x001580    program     static C:\Users\pedro\Documents\ISDR\6 semestre\Microcontroladores\Proyecto\SimonDice\SimonDice.X\SimonDice.asm
                     add6   0x001594    program     static C:\Users\pedro\Documents\ISDR\6 semestre\Microcontroladores\Proyecto\SimonDice\SimonDice.X\SimonDice.asm
                maxPoints   0x00159a    program     static C:\Users\pedro\Documents\ISDR\6 semestre\Microcontroladores\Proyecto\SimonDice\SimonDice.X\SimonDice.asm
               displayNum   0x0015aa    program     static C:\Users\pedro\Documents\ISDR\6 semestre\Microcontroladores\Proyecto\SimonDice\SimonDice.X\SimonDice.asm
                 display0   0x0015f6    program     static C:\Users\pedro\Documents\ISDR\6 semestre\Microcontroladores\Proyecto\SimonDice\SimonDice.X\SimonDice.asm
                 display1   0x001604    program     static C:\Users\pedro\Documents\ISDR\6 semestre\Microcontroladores\Proyecto\SimonDice\SimonDice.X\SimonDice.asm
                 display2   0x001612    program     static C:\Users\pedro\Documents\ISDR\6 semestre\Microcontroladores\Proyecto\SimonDice\SimonDice.X\SimonDice.asm
                 display3   0x001620    program     static C:\Users\pedro\Documents\ISDR\6 semestre\Microcontroladores\Proyecto\SimonDice\SimonDice.X\SimonDice.asm
                 display4   0x00162e    program     static C:\Users\pedro\Documents\ISDR\6 semestre\Microcontroladores\Proyecto\SimonDice\SimonDice.X\SimonDice.asm
                 display5   0x00163c    program     static C:\Users\pedro\Documents\ISDR\6 semestre\Microcontroladores\Proyecto\SimonDice\SimonDice.X\SimonDice.asm
                 display6   0x00164a    program     static C:\Users\pedro\Documents\ISDR\6 semestre\Microcontroladores\Proyecto\SimonDice\SimonDice.X\SimonDice.asm
                 display7   0x001658    program     static C:\Users\pedro\Documents\ISDR\6 semestre\Microcontroladores\Proyecto\SimonDice\SimonDice.X\SimonDice.asm
                 display8   0x001666    program     static C:\Users\pedro\Documents\ISDR\6 semestre\Microcontroladores\Proyecto\SimonDice\SimonDice.X\SimonDice.asm
                 display9   0x001674    program     static C:\Users\pedro\Documents\ISDR\6 semestre\Microcontroladores\Proyecto\SimonDice\SimonDice.X\SimonDice.asm
                   rutDel   0x001682    program     static C:\Users\pedro\Documents\ISDR\6 semestre\Microcontroladores\Proyecto\SimonDice\SimonDice.X\SimonDice.asm
                  rutDel2   0x00168c    program     static C:\Users\pedro\Documents\ISDR\6 semestre\Microcontroladores\Proyecto\SimonDice\SimonDice.X\SimonDice.asm
                   delay1   0x00169a    program     static C:\Users\pedro\Documents\ISDR\6 semestre\Microcontroladores\Proyecto\SimonDice\SimonDice.X\SimonDice.asm
                  rutDel3   0x00169e    program     static C:\Users\pedro\Documents\ISDR\6 semestre\Microcontroladores\Proyecto\SimonDice\SimonDice.X\SimonDice.asm
                    delay   0x0016ac    program     static C:\Users\pedro\Documents\ISDR\6 semestre\Microcontroladores\Proyecto\SimonDice\SimonDice.X\SimonDice.asm
                loopdelay   0x0016b4    program     static C:\Users\pedro\Documents\ISDR\6 semestre\Microcontroladores\Proyecto\SimonDice\SimonDice.X\SimonDice.asm
                     here   0x0016c2    program     static C:\Users\pedro\Documents\ISDR\6 semestre\Microcontroladores\Proyecto\SimonDice\SimonDice.X\SimonDice.asm


